[17:06:37] [ServerMain/INFO]: Environment: Environment[sessionHost=https://sessionserver.mojang.com, servicesHost=https://api.minecraftservices.com, profilesHost=https://api.mojang.com, name=PROD]
[17:06:37] [ServerMain/INFO]: Loaded 1470 recipes
[17:06:37] [ServerMain/INFO]: Loaded 1584 advancements
[17:06:37] [Server thread/INFO]: Starting minecraft server version 1.21.11
[17:06:37] [Server thread/INFO]: Loading properties
[17:06:37] [Server thread/INFO]: Default game type: CREATIVE
[17:06:37] [Server thread/INFO]: Generating keypair
[17:06:37] [Server thread/INFO]: Starting Minecraft server on *:25565
[17:06:38] [Server thread/INFO]: Preparing level "world"
[17:06:38] [Server thread/INFO]: Loading 0 persistent chunks...
[17:06:38] [Server thread/INFO]: Time elapsed: 13 ms
[17:06:38] [Server thread/INFO]: Done (0.072s)! For help, type "help"
[17:06:58] [User Authenticator #1/INFO]: UUID of player Pleasure1234 is 52e770f4-9a4a-43cd-99f7-b6389924fac3
[17:06:59] [Server thread/INFO]: Pleasure1234[/10.132.193.224:54740] logged in with entity id 30 at (1.3345046085604122, -60.0, -174.7019442118304)
[17:06:59] [Server thread/INFO]: Pleasure1234 joined the game
[17:07:09] [Server thread/INFO]: [Pleasure1234: Saved the game]
[17:07:13] [Server thread/INFO]: [Pleasure1234: Stopping the server]
[17:07:13] [Server thread/INFO]: Stopping server
[17:07:13] [Server thread/INFO]: Saving players
[17:07:13] [Server thread/INFO]: Saving worlds
[17:07:13] [Server thread/INFO]: Saving chunks for level 'ServerLevel[world]'/minecraft:overworld
[17:07:13] [Server thread/INFO]: Saving chunks for level 'ServerLevel[world]'/minecraft:the_end
[17:07:13] [Server thread/INFO]: Saving chunks for level 'ServerLevel[world]'/minecraft:the_nether
[17:07:13] [Server thread/INFO]: ThreadedAnvilChunkStorage (world): All chunks are saved
[17:07:13] [Server thread/INFO]: ThreadedAnvilChunkStorage (DIM1): All chunks are saved
[17:07:13] [Server thread/INFO]: ThreadedAnvilChunkStorage (DIM-1): All chunks are saved
[17:07:13] [Server thread/INFO]: ThreadedAnvilChunkStorage: All dimensions are saved
